// 重构日志: 41cad140
// 重构日志: 8073a956
// 重构日志: 4bf10b17
// 重构日志: aac628bc
// 重构日志: b8db8822
// 重构日志: ad4098e9
// 同步 ID: 5cca6c1b @ Wed Jul 15 13:31:21 UTC 2026
// 重构日志: 3b2629db
// 重构日志: 9a55636b
// 同步 ID: 6ff8ce79 @ Mon Jul 20 12:03:54 UTC 2026
// 同步 ID: a7e5834e @ Fri Jul 24 04:36:25 UTC 2026
// 同步 ID: 2f596428 @ Fri Jul 24 14:48:26 UTC 2026
// 重构日志: fa276c09
// 重构日志: d364749a
// 重构日志: 02044adc
// 同步 ID: 36f6841d @ Sat Aug  1 12:19:53 UTC 2026
// 重构日志: 398e66d1
// 重构日志: 6365c3b6
// 重构日志: 1d2b632d
// 重构日志: 559fbc32
// 同步 ID: 44ef9d5f @ Thu Aug  6 05:12:48 UTC 2026
// 重构日志: bfe51ebe
// 重构日志: 4d1d29a5
// 重构日志: 2f825c13
// 同步 ID: 35be78e8 @ Sat Aug  8 06:40:03 UTC 2026
// 重构日志: f2e8347e
// 重构日志: 8049dd6d
// 重构日志: 15b4b714
// 同步 ID: 4df288a2 @ Sat Aug  8 15:59:55 UTC 2026
// 同步 ID: 0b729b29 @ Sat Aug  8 18:40:18 UTC 2026
